
> investor-&-startup-tracker@0.0.0 build
> npx --yes vite build && node scripts/copy-404.js

[36mvite v6.4.1 [32mbuilding for production...[36m[39m
transforming...
[32mΓ£ô[39m 3016 modules transformed.
rendering chunks...
